Microchip MPLAB XC8 Compiler V1.45 ()

Linker command line:

-W-3 --edf=/opt/microchip/xc8/v1.45/dat/en_msgs.txt -cs \
  -h+dist/default/production/nozzle.X.production.sym \
  --cmf=dist/default/production/nozzle.X.production.cmf -z -Q16F877A \
  -o/tmp/xcXCdP9ig -Mdist/default/production/nozzle.X.production.map -E1 \
  -ver=XC8 -ASTACK=0150h-016fh -pstack=STACK -ACODE=00h-07FFhx4 \
  -ASTRCODE=00h-01FFFh -ASTRING=00h-0FFhx32 -ACONST=00h-0FFhx32 \
  -AENTRY=00h-0FFhx32 -ACOMMON=070h-07Fh -ABANK0=020h-06Fh \
  -ABANK1=0A0h-0EFh -ABANK2=0110h-016Fh -ABANK3=0190h-01EFh \
  -ARAM=020h-06Fh,0A0h-0EFh,0110h-016Fh,0190h-01EFh \
  -AABS1=020h-07Fh,0A0h-0EFh,0110h-016Fh,0190h-01EFh -ASFR0=00h-01Fh \
  -ASFR1=080h-09Fh -ASFR2=0100h-010Fh -ASFR3=0180h-018Fh \
  -preset_vec=00h,intentry=04h,init,end_init -ppowerup=CODE -pcinit=CODE \
  -pfunctab=ENTRY -ACONFIG=02007h-02007h -pconfig=CONFIG -DCONFIG=2 \
  -AIDLOC=02000h-02003h -pidloc=IDLOC -DIDLOC=2 -AEEDATA=00h-0FFh/02100h \
  -peeprom_data=EEDATA -DEEDATA=2 -DCODE=2 -DSTRCODE=2 -DSTRING=2 -DCONST=2 \
  -DENTRY=2 -k /tmp/xcX3PoKuv.obj \
  dist/default/production/nozzle.X.production.obj 

Object code version is 3.11

Machine type is 16F877A



                Name                               Link     Load   Length Selector   Space Scale
/tmp/xcX3PoKuv.obj
                end_init                             12       12        3        8       0
                reset_vec                             0        0        3        0       0
                config                             2007     2007        1     400E       0
dist/default/production/nozzle.X.production.obj
                cinit                                15       15       3C        8       0
                functab                              51       51       24       A2       0
                intentry                              4        4        E        8       0
                text30                              94B      94B       51     1296       0
                text29                              9ED      9ED       60     13DA       0
                text28                              90A      90A       41     1214       0
                text27                             1750     1750        C     2EA0       0
                text26                              B98      B98       73     1730       0
                text25                             177F     177F       1A     2EFE       0
                text24                             1746     1746        A     2E8C       0
                text23                              828      828       31     1050       0
                text22                               F4       F4        C       EA       0
                text21                             176C     176C       13     2ED8       0
                text20                              CAE      CAE       B2     195C       0
                text19                              C0B      C0B       A3     1816       0
                text18                              EF9      EF9      107     1DF2       0
                text17                              AB7      AB7       70     156E       0
                text16                             17B6     17B6       1E     2F6C       0
                text15                              E20      E20       D9     1C40       0
                text14                              7FF      7FF        1      9A8       0
                text13                              B27      B27       71     164E       0
                text12                              8CB      8CB       3F     1196       0
                text11                              99C      99C       51     1338       0
                text10                               75       75       7F       EA       0
                text9                              17D4     17D4       2C     2FA8       0
                text8                               A4D      A4D       6A     149A       0
                text7                               88D      88D       3E     111A       0
                text6                               859      859       34     10B2       0
                text5                              1799     1799       1D     2F32       0
                text4                               D60      D60       C0     1AC0       0
                text3                              175C     175C       10     2EB8       0
                text2                               7D7      7D7       28      9A8       0
                text1                               803      803       25     1006       0
                maintext                            4D4      4D4      303      9A8       0
                cstackBANK0                          20       20       29       20       1
                cstackCOMMON                         70       70        7       70       1
                clrtext                            173E     173E        8     2E7C       0
                bssBANK2                            110      110       40      110       1
                bssBANK3                            190      190       4B      190       1
                bssBANK1                             A0       A0       3C       A0       1
                dataBANK0                            62       62        3       20       1
                bssBANK0                             49       49       19       20       1
                bssCOMMON                            77       77        6       70       1
                stringtext                          100      100      3D4        2       0
                idataBANK0                          800      800        3     1000       0

TOTAL           Name                               Link     Load   Length     Space
        CLASS   STACK          

        CLASS   CODE           
                end_init                             12       12        3         0
                cinit                                15       15       3C         0
                intentry                              4        4        E         0
                reset_vec                             0        0        3         0
                text30                              94B      94B       51         0
                text29                              9ED      9ED       60         0
                text28                              90A      90A       41         0
                text27                             1750     1750        C         0
                text26                              B98      B98       73         0
                text25                             177F     177F       1A         0
                text24                             1746     1746        A         0
                text23                              828      828       31         0
                text22                               F4       F4        C         0
                text21                             176C     176C       13         0
                text20                              CAE      CAE       B2         0
                text19                              C0B      C0B       A3         0
                text18                              EF9      EF9      107         0
                text17                              AB7      AB7       70         0
                text16                             17B6     17B6       1E         0
                text15                              E20      E20       D9         0
                text14                              7FF      7FF        1         0
                text13                              B27      B27       71         0
                text12                              8CB      8CB       3F         0
                text11                              99C      99C       51         0
                text10                               75       75       7F         0
                text9                              17D4     17D4       2C         0
                text8                               A4D      A4D       6A         0
                text7                               88D      88D       3E         0
                text6                               859      859       34         0
                text5                              1799     1799       1D         0
                text4                               D60      D60       C0         0
                text3                              175C     175C       10         0
                text2                               7D7      7D7       28         0
                text1                               803      803       25         0
                maintext                            4D4      4D4      303         0
                clrtext                            173E     173E        8         0
                idataBANK0                          800      800        3         0

        CLASS   STRCODE        
                stringtext                          100      100      3D4         0

        CLASS   STRING         

        CLASS   CONST          

        CLASS   ENTRY          
                functab                              51       51       24         0

        CLASS   COMMON         
                cstackCOMMON                         70       70        7         1
                bssCOMMON                            77       77        6         1

        CLASS   BANK0          
                cstackBANK0                          20       20       29         1
                dataBANK0                            62       62        3         1
                bssBANK0                             49       49       19         1

        CLASS   BANK1          
                bssBANK1                             A0       A0       3C         1

        CLASS   BANK2          
                bssBANK2                            110      110       40         1

        CLASS   BANK3          
                bssBANK3                            190      190       4B         1

        CLASS   RAM            

        CLASS   ABS1           
                abs_s1                               7E       7E        2         1

        CLASS   SFR0           

        CLASS   SFR1           

        CLASS   SFR2           

        CLASS   SFR3           

        CLASS   CONFIG         
                config                             2007     2007        1         0

        CLASS   IDLOC          

        CLASS   EEDATA         



SEGMENTS        Name                           Load    Length   Top    Selector   Space  Class     Delta

                reset_vec                      000000  000003  000003         0       0  CODE        2
                intentry                       000004  00004D  000051         8       0  CODE        2
                cstackBANK0                    000020  000045  000065        20       1  BANK0       1
                cstackCOMMON                   000070  00000D  00007D        70       1  COMMON      1
                bssBANK1                       0000A0  00003C  0000DC        A0       1  BANK1       1
                functab                        000051  000024  000075        A2       0  ENTRY       2
                text10                         000075  00008B  000100        EA       0  CODE        2
                bssBANK2                       000110  000040  000150       110       1  BANK2       1
                bssBANK3                       000190  00004B  0001DB       190       1  BANK3       1
                stringtext                     000100  0003D4  0004D4         2       0  STRCODE     2
                maintext                       0004D4  00032C  000800       9A8       0  CODE        2
                idataBANK0                     000800  000003  000803      1000       0  CODE        2
                text1                          000803  000025  000828      1006       0  CODE        2
                text23                         000828  000031  000859      1050       0  CODE        2
                text6                          000859  000034  00088D      10B2       0  CODE        2
                text7                          00088D  00003E  0008CB      111A       0  CODE        2
                text12                         0008CB  00003F  00090A      1196       0  CODE        2
                text28                         00090A  000041  00094B      1214       0  CODE        2
                text30                         00094B  000051  00099C      1296       0  CODE        2
                text11                         00099C  000051  0009ED      1338       0  CODE        2
                text29                         0009ED  000060  000A4D      13DA       0  CODE        2
                text8                          000A4D  00006A  000AB7      149A       0  CODE        2
                text17                         000AB7  000070  000B27      156E       0  CODE        2
                text13                         000B27  000071  000B98      164E       0  CODE        2
                text26                         000B98  000073  000C0B      1730       0  CODE        2
                text19                         000C0B  0000A3  000CAE      1816       0  CODE        2
                text20                         000CAE  0000B2  000D60      195C       0  CODE        2
                text4                          000D60  0000C0  000E20      1AC0       0  CODE        2
                text15                         000E20  0000D9  000EF9      1C40       0  CODE        2
                text18                         000EF9  000107  001000      1DF2       0  CODE        2
                clrtext                        00173E  000008  001746      2E7C       0  CODE        2
                text24                         001746  00000A  001750      2E8C       0  CODE        2
                text27                         001750  00000C  00175C      2EA0       0  CODE        2
                text3                          00175C  000010  00176C      2EB8       0  CODE        2
                text21                         00176C  000013  00177F      2ED8       0  CODE        2
                text25                         00177F  00001A  001799      2EFE       0  CODE        2
                text5                          001799  00001D  0017B6      2F32       0  CODE        2
                text16                         0017B6  00001E  0017D4      2F6C       0  CODE        2
                text9                          0017D4  00002C  001800      2FA8       0  CODE        2
                config                         002007  000001  002008      400E       0  CONFIG      2


UNUSED ADDRESS RANGES

        Name                Unused          Largest block    Delta
        BANK0            0065-006F              B           1
        BANK1            00DC-00EF             14           1
        BANK2            0150-016F             20           1
        BANK3            01DB-01EF             15           1
        CODE             0003-0003              1           2
                         1000-173D            73E
                         1800-1FFF            800
        COMMON           007D-007D              1           1
        CONST            0003-0003              1           2
                         1000-173D            100
                         1800-1FFF            100
        EEDATA           2100-21FF            100           2
        ENTRY            0003-0003              1           2
                         1000-173D            100
                         1800-1FFF            100
        IDLOC            2000-2003              4           2
        RAM              0065-006F              B           1
                         00DC-00EF             14
                         0150-016F             20
                         01DB-01EF             15
        SFR0             0000-001F             20           1
        SFR1             0080-009F             20           1
        SFR2             0100-010F             10           1
        SFR3             0180-018F             10           1
        STACK            0150-016F             20           1
        STRCODE          0003-0003              1           2
                         1000-173D            73E
                         1800-1FFF            800
        STRING           0003-0003              1           2
                         1000-173D            100
                         1800-1FFF            100

                                  Symbol Table

?___lldiv                      cstackBANK0  002D
?___lmul                       cstackBANK0  0020
?___lwdiv                      cstackBANK0  0020
?___lwmod                      cstackBANK0  0028
_ADCON0                        (abs)        001F
_ADCON0bits                    (abs)        001F
_ADCON1                        (abs)        009F
_ADRESH                        (abs)        001E
_INTCONbits                    (abs)        000B
_OPTION_REGbits                (abs)        0081
_PIE1bits                      (abs)        008C
_PIR1bits                      (abs)        000C
_PORTD                         (abs)        0008
_PORTDbits                     (abs)        0008
_PR2                           (abs)        0092
_RCREG                         (abs)        001A
_RCSTA                         (abs)        0018
_SPBRG                         (abs)        0099
_T1CON                         (abs)        0010
_T2CON                         (abs)        0012
_TMR0                          (abs)        0001
_TMR1                          (abs)        000E
_TMR2                          (abs)        0011
_TRISD                         (abs)        0088
_TRISDbits                     (abs)        0088
_TXREG                         (abs)        0019
_TXSTA                         (abs)        0098
__CFG_BOREN$ON                 (abs)        0000
__CFG_CP$OFF                   (abs)        0000
__CFG_CPD$OFF                  (abs)        0000
__CFG_FOSC$HS                  (abs)        0000
__CFG_LVP$OFF                  (abs)        0000
__CFG_PWRTE$OFF                (abs)        0000
__CFG_WDTE$ON                  (abs)        0000
__CFG_WRT$OFF                  (abs)        0000
__Habs1                        abs1         0000
__Hbank0                       bank0        0000
__Hbank1                       bank1        0000
__Hbank2                       bank2        0000
__Hbank3                       bank3        0000
__HbssBANK0                    bssBANK0     0000
__HbssBANK1                    bssBANK1     0000
__HbssBANK2                    bssBANK2     0000
__HbssBANK3                    bssBANK3     0000
__HbssCOMMON                   bssCOMMON    0000
__Hcinit                       cinit        0051
__Hclrtext                     clrtext      0000
__Hcode                        code         0000
__Hcommon                      common       0000
__Hconfig                      config       2008
__HcstackBANK0                 cstackBANK0  0000
__HcstackCOMMON                cstackCOMMON 0000
__HdataBANK0                   dataBANK0    0000
__Heeprom_data                 eeprom_data  0000
__Hend_init                    end_init     0015
__Hfunctab                     functab      0075
__HidataBANK0                  idataBANK0   0000
__Hidloc                       idloc        0000
__Hinit                        init         0012
__Hintentry                    intentry     0012
__Hmaintext                    maintext     0000
__Hpowerup                     powerup      0000
__Hram                         ram          0000
__Hreset_vec                   reset_vec    0003
__Hsfr0                        sfr0         0000
__Hsfr1                        sfr1         0000
__Hsfr2                        sfr2         0000
__Hsfr3                        sfr3         0000
__Hspace_0                     (abs)        2008
__Hspace_1                     (abs)        01DB
__Hspace_2                     (abs)        0000
__Hspace_3                     (abs)        0000
__Hstack                       stack        0000
__Hstrings                     strings      0000
__Hstringtext                  stringtext   0000
__Htext                        text         0000
__Labs1                        abs1         0000
__Lbank0                       bank0        0000
__Lbank1                       bank1        0000
__Lbank2                       bank2        0000
__Lbank3                       bank3        0000
__LbssBANK0                    bssBANK0     0000
__LbssBANK1                    bssBANK1     0000
__LbssBANK2                    bssBANK2     0000
__LbssBANK3                    bssBANK3     0000
__LbssCOMMON                   bssCOMMON    0000
__Lcinit                       cinit        0015
__Lclrtext                     clrtext      0000
__Lcode                        code         0000
__Lcommon                      common       0000
__Lconfig                      config       2007
__LcstackBANK0                 cstackBANK0  0000
__LcstackCOMMON                cstackCOMMON 0000
__LdataBANK0                   dataBANK0    0000
__Leeprom_data                 eeprom_data  0000
__Lend_init                    end_init     0012
__Lfunctab                     functab      0051
__LidataBANK0                  idataBANK0   0000
__Lidloc                       idloc        0000
__Linit                        init         0012
__Lintentry                    intentry     0004
__Lmaintext                    maintext     0000
__Lpowerup                     powerup      0000
__Lram                         ram          0000
__Lreset_vec                   reset_vec    0000
__Lsfr0                        sfr0         0000
__Lsfr1                        sfr1         0000
__Lsfr2                        sfr2         0000
__Lsfr3                        sfr3         0000
__Lspace_0                     (abs)        0000
__Lspace_1                     (abs)        0000
__Lspace_2                     (abs)        0000
__Lspace_3                     (abs)        0000
__Lstack                       stack        0000
__Lstrings                     strings      0000
__Lstringtext                  stringtext   0000
__Ltext                        text         0000
__S0                           (abs)        2008
__S1                           (abs)        01DB
__S2                           (abs)        0000
__S3                           (abs)        0000
___bmul                        text21       176C
___bmul@multiplicand           cstackBANK0  0020
___bmul@multiplier             cstackBANK0  0023
___bmul@product                cstackBANK0  0022
___int_sp                      stack        0000
___latbits                     (abs)        0002
___lldiv                       text29       09ED
___lldiv@counter               cstackBANK0  003A
___lldiv@dividend              cstackBANK0  0031
___lldiv@divisor               cstackBANK0  002D
___lldiv@quotient              cstackBANK0  0036
___lmul                        text28       090A
___lmul@multiplicand           cstackBANK0  0024
___lmul@multiplier             cstackBANK0  0020
___lmul@product                cstackBANK0  0029
___lwdiv                       text7        088D
___lwdiv@counter               cstackBANK0  0027
___lwdiv@dividend              cstackBANK0  0022
___lwdiv@divisor               cstackBANK0  0020
___lwdiv@quotient              cstackBANK0  0025
___lwmod                       text6        0859
___lwmod@counter               cstackBANK0  002D
___lwmod@dividend              cstackBANK0  002A
___lwmod@divisor               cstackBANK0  0028
___sp                          stack        0000
__end_of___bmul                text21       177F
__end_of___lldiv               text29       0A4D
__end_of___lmul                text28       094B
__end_of___lwdiv               text7        08CB
__end_of___lwmod               text6        088D
__end_of__fptable              functab      0075
__end_of__initialization       cinit        004D
__end_of__stringtab            stringtext   0112
__end_of_arm_motors            text23       0859
__end_of_capture_adc           text26       0C0B
__end_of_charge_adc            text27       175C
__end_of_disarm_motors         text22       0100
__end_of_down_data             stringtext   0402
__end_of_fastfwd_data          stringtext   0258
__end_of_fastrev_data          stringtext   01CA
__end_of_flush_uart            text24       1750
__end_of_handle_ir             text17       0B27
__end_of_handle_ir2            text18       1000
__end_of_handle_ir_code        text19       0CAE
__end_of_handle_nozzle_step    text20       0D60
__end_of_handle_uart           text25       1799
__end_of_hex_table             stringtext   013C
__end_of_ir_codes              stringtext   04A8
__end_of_isr                   text30       099C
__end_of_left_data             stringtext   0374
__end_of_main                  maintext     07D7
__end_of_memset                text16       17D4
__end_of_motor_home1           text13       0B98
__end_of_motor_home2           text8        0AB7
__end_of_motor_home3           text9        1800
__end_of_motor_home4           text10       00F4
__end_of_motor_home5           text11       09ED
__end_of_motor_home6           text12       090A
__end_of_motor_idle            text14       0800
__end_of_motor_tracking        text15       0EF9
__end_of_print_byte            text5        17B6
__end_of_print_number          text3        176C
__end_of_print_number_nospace  text4        0E20
__end_of_print_number_signed   text2        07FF
__end_of_print_text            text1        0828
__end_of_right_data            stringtext   02E6
__end_of_up_data               stringtext   0490
__end_ofmain@encoder0_values   stringtext   012C
__fptable                      functab      0051
__initialization               cinit        0015
__pbssBANK0                    bssBANK0     0049
__pbssBANK1                    bssBANK1     00A0
__pbssBANK2                    bssBANK2     0110
__pbssBANK3                    bssBANK3     0190
__pbssCOMMON                   bssCOMMON    0077
__pcstackBANK0                 cstackBANK0  0020
__pcstackCOMMON                cstackCOMMON 0070
__pdataBANK0                   dataBANK0    0062
__pfunctab                     functab      0051
__pidataBANK0                  idataBANK0   0800
__pintentry                    intentry     0004
__pmaintext                    maintext     04D4
__pstringtext                  stringtext   0100
__ptext1                       text1        0803
__ptext10                      text10       0075
__ptext11                      text11       099C
__ptext12                      text12       08CB
__ptext13                      text13       0B27
__ptext14                      text14       07FF
__ptext15                      text15       0E20
__ptext16                      text16       17B6
__ptext17                      text17       0AB7
__ptext18                      text18       0EF9
__ptext19                      text19       0C0B
__ptext2                       text2        07D7
__ptext20                      text20       0CAE
__ptext21                      text21       176C
__ptext22                      text22       00F4
__ptext23                      text23       0828
__ptext24                      text24       1746
__ptext25                      text25       177F
__ptext26                      text26       0B98
__ptext27                      text27       1750
__ptext28                      text28       090A
__ptext29                      text29       09ED
__ptext3                       text3        175C
__ptext30                      text30       094B
__ptext4                       text4        0D60
__ptext5                       text5        1799
__ptext6                       text6        0859
__ptext7                       text7        088D
__ptext8                       text8        0A4D
__ptext9                       text9        17D4
__size_of___bmul               (abs)        0000
__size_of___lldiv              (abs)        0000
__size_of___lmul               (abs)        0000
__size_of___lwdiv              (abs)        0000
__size_of___lwmod              (abs)        0000
__size_of__fptable             (abs)        0000
__size_of_arm_motors           (abs)        0000
__size_of_capture_adc          (abs)        0000
__size_of_charge_adc           (abs)        0000
__size_of_disarm_motors        (abs)        0000
__size_of_flush_uart           (abs)        0000
__size_of_handle_ir            (abs)        0000
__size_of_handle_ir2           (abs)        0000
__size_of_handle_ir_code       (abs)        0000
__size_of_handle_nozzle_step   (abs)        0000
__size_of_handle_uart          (abs)        0000
__size_of_isr                  (abs)        0000
__size_of_main                 (abs)        0000
__size_of_memset               (abs)        0000
__size_of_motor_home1          (abs)        0000
__size_of_motor_home2          (abs)        0000
__size_of_motor_home3          (abs)        0000
__size_of_motor_home4          (abs)        0000
__size_of_motor_home5          (abs)        0000
__size_of_motor_home6          (abs)        0000
__size_of_motor_idle           (abs)        0000
__size_of_motor_tracking       (abs)        0000
__size_of_print_byte           (abs)        0000
__size_of_print_number         (abs)        0000
__size_of_print_number_nospace (abs)        0000
__size_of_print_number_signed  (abs)        0000
__size_of_print_text           (abs)        0000
__stringbase                   stringtext   0112
__stringtab                    stringtext   0100
_adc_state                     dataBANK0    0062
_arm_motors                    text23       0828
_armed                         bssBANK0     0060
_capture_adc                   text26       0B98
_charge_adc                    text27       1750
_current_adc                   bssBANK0     005A
_current_motor                 bssBANK0     005C
_disarm_motors                 text22       00F4
_down_data                     stringtext   0374
_fastfwd_data                  stringtext   01CA
_fastrev_data                  stringtext   013C
_first_edge                    dataBANK0    0064
_flush_uart                    text24       1746
_got_ir_int                    bssBANK0     0054
_got_tick                      bssBANK0     005E
_handle_ir                     text17       0AB7
_handle_ir2                    text18       0EF9
_handle_ir_code                text19       0C0B
_handle_nozzle_step            text20       0CAE
_handle_uart                   text25       177F
_have_ir                       bssBANK0     0057
_have_serial                   bssCOMMON    007C
_hex_table                     stringtext   012C
_interrupt_done                bssCOMMON    007A
_ir_code                       bssBANK0     0056
_ir_code_failed                bssBANK0     0049
_ir_codes                      stringtext   0490
_ir_offset                     bssBANK0     0058
_ir_time                       bssBANK0     0051
_ir_time2                      bssBANK0     004F
_isr                           text30       094B
_led_counter                   bssBANK0     005F
_left_data                     stringtext   02E6
_main                          maintext     04D4
_memset                        text16       17B6
_motor_home1                   text13       0B27
_motor_home1$474               cstackBANK0  0027
_motor_home2                   text8        0A4D
_motor_home2$457               cstackBANK0  0027
_motor_home3                   text9        17D4
_motor_home4                   text10       0075
_motor_home4$425               cstackBANK0  0027
_motor_home5                   text11       099C
_motor_home6                   text12       08CB
_motor_idle                    text14       07FF
_motor_master                  bssBANK0     005B
_motor_state                   dataBANK0    0063
_motor_tracking                text15       0E20
_nozzle_step                   bssBANK0     0061
_print_byte                    text5        1799
_print_number                  text3        175C
_print_number_nospace          text4        0D60
_print_number_signed           text2        07D7
_print_text                    text1        0803
_radial_position               bssBANK0     0059
_repeat_delay                  bssBANK0     0055
_right_data                    stringtext   0258
_sensors                       bssBANK1     00C4
_serial_in                     bssCOMMON    007B
_step_to_encoders              bssBANK3     0190
_tick                          bssBANK0     005D
_tmr2_high                     bssBANK0     0053
_tracking_state                bssBANK1     00A0
_uart_buffer                   bssBANK2     0110
_uart_position1                bssCOMMON    0078
_uart_position2                bssCOMMON    0077
_uart_size                     bssCOMMON    0079
_up_data                       stringtext   0402
btemp                          (abs)        007E
capture_adc@sensor             cstackBANK0  0022
clear_ram0                     clrtext      173E
end_of_initialization          cinit        004D
fpbase                         functab      0056
fptable                        functab      0051
fptotal                        (abs)        0019
handle_ir2@code                cstackBANK0  0035
handle_ir2@data                cstackBANK0  002D
handle_ir2@data_value          cstackBANK0  0033
handle_ir2@error               cstackBANK0  002F
handle_ir2@got_it              cstackBANK0  0032
handle_ir2@got_one             cstackBANK0  0031
handle_ir2@i                   cstackBANK0  0037
handle_ir@i                    cstackBANK0  003C
handle_ir@test_time            cstackBANK0  003A
handle_nozzle_step@diff        cstackBANK0  0026
handle_nozzle_step@diff_488    cstackBANK0  0027
interrupt_function             intentry     0004
intlevel0                      functab      0051
intlevel1                      functab      0051
intlevel2                      functab      0051
intlevel3                      functab      0051
intlevel4                      functab      0051
intlevel5                      functab      0051
isr@prev_port                  cstackCOMMON 0076
main@encoder0_values           stringtext   0112
main@i                         cstackBANK0  0048
main@tracking                  cstackBANK0  0047
memset@c                       cstackBANK0  0020
memset@n                       cstackBANK0  0022
memset@p                       cstackBANK0  0026
memset@p1                      cstackBANK0  0025
motor_home1@current_boundary   cstackBANK0  0026
motor_home1@sensor_value       cstackBANK0  002A
motor_home1@tracking           cstackBANK0  0029
motor_home2@current_boundary   cstackBANK0  0026
motor_home2@sensor_value       cstackBANK0  002A
motor_home2@tracking           cstackBANK0  0029
motor_home3@tracking           cstackBANK0  0026
motor_home4@current_boundary   cstackBANK0  0026
motor_home4@current_encoder    cstackBANK0  002A
motor_home4@sensor_value       cstackBANK0  002B
motor_home4@tracking           cstackBANK0  0029
motor_home5@current_encoder    cstackBANK0  0027
motor_home5@tracking           cstackBANK0  0028
motor_home6@current_encoder    cstackBANK0  0026
motor_home6@tracking           cstackBANK0  0027
motor_tracking@encoder         cstackBANK0  0026
motor_tracking@tracking        cstackBANK0  0027
print_byte@c                   cstackBANK0  0021
print_number@number            cstackBANK0  0030
print_number_nospace@number    cstackBANK0  002E
print_number_signed@number     cstackBANK0  0030
print_text@s                   cstackBANK0  0022
reset_vec                      reset_vec    0000
saved_w                        (abs)        007E
stackhi                        (abs)        0000
stacklo                        (abs)        0000
start                          init         0012
start_initialization           cinit        0015
wtemp0                         (abs)        007E


FUNCTION INFORMATION:

 *************** function _main *****************
 Defined at:
		line 1254 in file "nozzle.c"
 Parameters:    Size  Location     Type
		None
 Auto vars:     Size  Location     Type
  tracking        1   39[BANK0 ] PTR struct .
		 -> tracking_state(36), 
  i               1   40[BANK0 ] unsigned char 
 Return value:  Size  Location     Type
                  1    wreg      void 
 Registers used:
		wreg, fsr0l, fsr0h, status,2, status,0, btemp+1, pclath, cstack
 Tracked objects:
		On entry : 
		On exit  : 
		Unchanged: 
 Data sizes:     COMMON   BANK0   BANK1   BANK3   BANK2
      Params:         0       0       0       0       0
      Locals:         0       2       0       0       0
      Temps:          0      10       0       0       0
      Totals:         0      12       0       0       0
Total ram usage:       12 bytes
 Hardware stack levels required when called:    6
 This function calls:
		___bmul
		___lldiv
		___lmul
		_capture_adc
		_charge_adc
		_flush_uart
		_handle_ir
		_handle_uart
		_memset
		_motor_home1
		_motor_home2
		_motor_home3
		_motor_home4
		_motor_home5
		_motor_home6
		_motor_idle
		_motor_tracking
		_print_number
		_print_number_signed
		_print_text
 This function is called by:
		Startup code after reset
 This function uses a non-reentrant model


 *************** function _print_text *****************
 Defined at:
		line 325 in file "nozzle.c"
 Parameters:    Size  Location     Type
  s               2    2[BANK0 ] PTR const unsigned char 
		 -> STR_4(2), STR_3(10), STR_2(6), STR_1(28), 
 Auto vars:     Size  Location     Type
		None
 Return value:  Size  Location     Type
                  1    wreg      void 
 Registers used:
		wreg, fsr0l, fsr0h, status,2, status,0, btemp+1, pclath, cstack
 Tracked objects:
		On entry : 
		On exit  : 
		Unchanged: 
 Data sizes:     COMMON   BANK0   BANK1   BANK3   BANK2
      Params:         0       2       0       0       0
      Locals:         0       0       0       0       0
      Temps:          0       0       0       0       0
      Totals:         0       2       0       0       0
Total ram usage:        2 bytes
 Hardware stack levels used:    1
 Hardware stack levels required when called:    2
 This function calls:
		_print_byte
 This function is called by:
		_main
 This function uses a non-reentrant model


 *************** function _print_number_signed *****************
 Defined at:
		line 356 in file "nozzle.c"
 Parameters:    Size  Location     Type
  number          2   16[BANK0 ] int 
 Auto vars:     Size  Location     Type
		None
 Return value:  Size  Location     Type
                  1    wreg      void 
 Registers used:
		wreg, fsr0l, fsr0h, status,2, status,0, pclath, cstack
 Tracked objects:
		On entry : 
		On exit  : 
		Unchanged: 
 Data sizes:     COMMON   BANK0   BANK1   BANK3   BANK2
      Params:         0       2       0       0       0
      Locals:         0       0       0       0       0
      Temps:          0       2       0       0       0
      Totals:         0       4       0       0       0
Total ram usage:        4 bytes
 Hardware stack levels used:    1
 Hardware stack levels required when called:    3
 This function calls:
		_print_byte
		_print_number_nospace
 This function is called by:
		_main
 This function uses a non-reentrant model


 *************** function _print_number *****************
 Defined at:
		line 350 in file "nozzle.c"
 Parameters:    Size  Location     Type
  number          2   16[BANK0 ] unsigned int 
 Auto vars:     Size  Location     Type
		None
 Return value:  Size  Location     Type
                  1    wreg      void 
 Registers used:
		wreg, fsr0l, fsr0h, status,2, status,0, pclath, cstack
 Tracked objects:
		On entry : 
		On exit  : 
		Unchanged: 
 Data sizes:     COMMON   BANK0   BANK1   BANK3   BANK2
      Params:         0       2       0       0       0
      Locals:         0       0       0       0       0
      Temps:          0       0       0       0       0
      Totals:         0       2       0       0       0
Total ram usage:        2 bytes
 Hardware stack levels used:    1
 Hardware stack levels required when called:    3
 This function calls:
		_print_byte
		_print_number_nospace
 This function is called by:
		_main
 This function uses a non-reentrant model


 *************** function _print_number_nospace *****************
 Defined at:
		line 335 in file "nozzle.c"
 Parameters:    Size  Location     Type
  number          2   14[BANK0 ] unsigned int 
 Auto vars:     Size  Location     Type
		None
 Return value:  Size  Location     Type
                  1    wreg      void 
 Registers used:
		wreg, fsr0l, fsr0h, status,2, status,0, pclath, cstack
 Tracked objects:
		On entry : 
		On exit  : 
		Unchanged: 
 Data sizes:     COMMON   BANK0   BANK1   BANK3   BANK2
      Params:         0       2       0       0       0
      Locals:         0       0       0       0       0
      Temps:          0       0       0       0       0
      Totals:         0       2       0       0       0
Total ram usage:        2 bytes
 Hardware stack levels used:    1
 Hardware stack levels required when called:    2
 This function calls:
		___lwdiv
		___lwmod
		_print_byte
 This function is called by:
		_print_number
		_print_number_signed
 This function uses a non-reentrant model


 *************** function _print_byte *****************
 Defined at:
		line 312 in file "nozzle.c"
 Parameters:    Size  Location     Type
  c               1    wreg     unsigned char 
 Auto vars:     Size  Location     Type
  c               1    1[BANK0 ] unsigned char 
 Return value:  Size  Location     Type
                  1    wreg      void 
 Registers used:
		wreg, fsr0l, fsr0h, status,2, status,0
 Tracked objects:
		On entry : 
		On exit  : 
		Unchanged: 
 Data sizes:     COMMON   BANK0   BANK1   BANK3   BANK2
      Params:         0       0       0       0       0
      Locals:         0       1       0       0       0
      Temps:          0       1       0       0       0
      Totals:         0       2       0       0       0
Total ram usage:        2 bytes
 Hardware stack levels used:    1
 Hardware stack levels required when called:    1
 This function calls:
		Nothing
 This function is called by:
		_print_text
		_print_number_nospace
		_print_number
		_print_number_signed
		_print_number2
		_print_hex2
		_print_bin
 This function uses a non-reentrant model


 *************** function ___lwmod *****************
 Defined at:
		line 6 in file "/opt/microchip/xc8/v1.45/sources/common/lwmod.c"
 Parameters:    Size  Location     Type
  divisor         2    8[BANK0 ] unsigned int 
  dividend        2   10[BANK0 ] unsigned int 
 Auto vars:     Size  Location     Type
  counter         1   13[BANK0 ] unsigned char 
 Return value:  Size  Location     Type
                  2    8[BANK0 ] unsigned int 
 Registers used:
		wreg, status,2, status,0
 Tracked objects:
		On entry : 
		On exit  : 
		Unchanged: 
 Data sizes:     COMMON   BANK0   BANK1   BANK3   BANK2
      Params:         0       4       0       0       0
      Locals:         0       1       0       0       0
      Temps:          0       1       0       0       0
      Totals:         0       6       0       0       0
Total ram usage:        6 bytes
 Hardware stack levels used:    1
 Hardware stack levels required when called:    1
 This function calls:
		Nothing
 This function is called by:
		_print_number_nospace
 This function uses a non-reentrant model


 *************** function ___lwdiv *****************
 Defined at:
		line 6 in file "/opt/microchip/xc8/v1.45/sources/common/lwdiv.c"
 Parameters:    Size  Location     Type
  divisor         2    0[BANK0 ] unsigned int 
  dividend        2    2[BANK0 ] unsigned int 
 Auto vars:     Size  Location     Type
  quotient        2    5[BANK0 ] unsigned int 
  counter         1    7[BANK0 ] unsigned char 
 Return value:  Size  Location     Type
                  2    0[BANK0 ] unsigned int 
 Registers used:
		wreg, status,2, status,0
 Tracked objects:
		On entry : 
		On exit  : 
		Unchanged: 
 Data sizes:     COMMON   BANK0   BANK1   BANK3   BANK2
      Params:         0       4       0       0       0
      Locals:         0       3       0       0       0
      Temps:          0       1       0       0       0
      Totals:         0       8       0       0       0
Total ram usage:        8 bytes
 Hardware stack levels used:    1
 Hardware stack levels required when called:    1
 This function calls:
		Nothing
 This function is called by:
		_print_number_nospace
 This function uses a non-reentrant model


 *************** function _motor_home2 *****************
 Defined at:
		line 591 in file "nozzle.c"
 Parameters:    Size  Location     Type
		None
 Auto vars:     Size  Location     Type
  sensor_value    1   10[BANK0 ] unsigned char 
  tracking        1    9[BANK0 ] PTR struct .
		 -> tracking_state(36), 
  current_boun    1    6[BANK0 ] unsigned char 
 Return value:  Size  Location     Type
                  1    wreg      void 
 Registers used:
		wreg, fsr0l, fsr0h, status,2, status,0, btemp+1, pclath, cstack
 Tracked objects:
		On entry : 
		On exit  : 
		Unchanged: 
 Data sizes:     COMMON   BANK0   BANK1   BANK3   BANK2
      Params:         0       0       0       0       0
      Locals:         0       5       0       0       0
      Temps:          0       2       0       0       0
      Totals:         0       7       0       0       0
Total ram usage:        7 bytes
 Hardware stack levels used:    1
 Hardware stack levels required when called:    2
 This function calls:
		___bmul
 This function is called by:
		_motor_home1
		_main
 This function uses a non-reentrant model


 *************** function _motor_home3 *****************
 Defined at:
		line 579 in file "nozzle.c"
 Parameters:    Size  Location     Type
		None
 Auto vars:     Size  Location     Type
  tracking        1    6[BANK0 ] PTR struct .
		 -> tracking_state(36), 
 Return value:  Size  Location     Type
                  1    wreg      void 
 Registers used:
		wreg, fsr0l, fsr0h, status,2, status,0, pclath, cstack
 Tracked objects:
		On entry : 
		On exit  : 
		Unchanged: 
 Data sizes:     COMMON   BANK0   BANK1   BANK3   BANK2
      Params:         0       0       0       0       0
      Locals:         0       1       0       0       0
      Temps:          0       2       0       0       0
      Totals:         0       3       0       0       0
Total ram usage:        3 bytes
 Hardware stack levels used:    1
 Hardware stack levels required when called:    2
 This function calls:
		___bmul
 This function is called by:
		_motor_home2
		_main
 This function uses a non-reentrant model


 *************** function _motor_home4 *****************
 Defined at:
		line 564 in file "nozzle.c"
 Parameters:    Size  Location     Type
		None
 Auto vars:     Size  Location     Type
  current_enco    1   10[BANK0 ] unsigned char 
  sensor_value    1   11[BANK0 ] unsigned char 
  tracking        1    9[BANK0 ] PTR struct .
		 -> tracking_state(36), 
  current_boun    1    6[BANK0 ] unsigned char 
 Return value:  Size  Location     Type
                  1    wreg      void 
 Registers used:
		wreg, fsr0l, fsr0h, status,2, status,0, btemp+1, pclath, cstack
 Tracked objects:
		On entry : 
		On exit  : 
		Unchanged: 
 Data sizes:     COMMON   BANK0   BANK1   BANK3   BANK2
      Params:         0       0       0       0       0
      Locals:         0       6       0       0       0
      Temps:          0       2       0       0       0
      Totals:         0       8       0       0       0
Total ram usage:        8 bytes
 Hardware stack levels used:    1
 Hardware stack levels required when called:    2
 This function calls:
		___bmul
 This function is called by:
		_motor_home3
		_main
 This function uses a non-reentrant model


 *************** function _motor_home5 *****************
 Defined at:
		line 540 in file "nozzle.c"
 Parameters:    Size  Location     Type
		None
 Auto vars:     Size  Location     Type
  tracking        1    8[BANK0 ] PTR struct .
		 -> tracking_state(36), 
  current_enco    1    7[BANK0 ] unsigned char 
 Return value:  Size  Location     Type
                  1    wreg      void 
 Registers used:
		wreg, fsr0l, fsr0h, status,2, status,0, pclath, cstack
 Tracked objects:
		On entry : 
		On exit  : 
		Unchanged: 
 Data sizes:     COMMON   BANK0   BANK1   BANK3   BANK2
      Params:         0       0       0       0       0
      Locals:         0       2       0       0       0
      Temps:          0       3       0       0       0
      Totals:         0       5       0       0       0
Total ram usage:        5 bytes
 Hardware stack levels used:    1
 Hardware stack levels required when called:    2
 This function calls:
		___bmul
 This function is called by:
		_motor_home4
		_main
 This function uses a non-reentrant model


 *************** function _motor_home6 *****************
 Defined at:
		line 507 in file "nozzle.c"
 Parameters:    Size  Location     Type
		None
 Auto vars:     Size  Location     Type
  current_enco    1    6[BANK0 ] unsigned char 
  tracking        1    7[BANK0 ] PTR struct .
		 -> tracking_state(36), 
 Return value:  Size  Location     Type
                  1    wreg      void 
 Registers used:
		wreg, fsr0l, fsr0h, status,2, status,0, pclath, cstack
 Tracked objects:
		On entry : 
		On exit  : 
		Unchanged: 
 Data sizes:     COMMON   BANK0   BANK1   BANK3   BANK2
      Params:         0       0       0       0       0
      Locals:         0       2       0       0       0
      Temps:          0       2       0       0       0
      Totals:         0       4       0       0       0
Total ram usage:        4 bytes
 Hardware stack levels used:    1
 Hardware stack levels required when called:    2
 This function calls:
		___bmul
 This function is called by:
		_motor_home5
		_main
 This function uses a non-reentrant model


 *************** function _motor_home1 *****************
 Defined at:
		line 606 in file "nozzle.c"
 Parameters:    Size  Location     Type
		None
 Auto vars:     Size  Location     Type
  sensor_value    1   10[BANK0 ] unsigned char 
  tracking        1    9[BANK0 ] PTR struct .
		 -> tracking_state(36), 
  current_boun    1    6[BANK0 ] unsigned char 
 Return value:  Size  Location     Type
                  1    wreg      void 
 Registers used:
		wreg, fsr0l, fsr0h, status,2, status,0, btemp+1, pclath, cstack
 Tracked objects:
		On entry : 
		On exit  : 
		Unchanged: 
 Data sizes:     COMMON   BANK0   BANK1   BANK3   BANK2
      Params:         0       0       0       0       0
      Locals:         0       5       0       0       0
      Temps:          0       2       0       0       0
      Totals:         0       7       0       0       0
Total ram usage:        7 bytes
 Hardware stack levels used:    1
 Hardware stack levels required when called:    2
 This function calls:
		___bmul
 This function is called by:
		_motor_home6
		_arm_motors
		_main
 This function uses a non-reentrant model


 *************** function _motor_idle *****************
 Defined at:
		line 625 in file "nozzle.c"
 Parameters:    Size  Location     Type
		None
 Auto vars:     Size  Location     Type
		None
 Return value:  Size  Location     Type
                  1    wreg      void 
 Registers used:
		None
 Tracked objects:
		On entry : 
		On exit  : 
		Unchanged: 
 Data sizes:     COMMON   BANK0   BANK1   BANK3   BANK2
      Params:         0       0       0       0       0
      Locals:         0       0       0       0       0
      Temps:          0       0       0       0       0
      Totals:         0       0       0       0       0
Total ram usage:        0 bytes
 Hardware stack levels used:    1
 Hardware stack levels required when called:    1
 This function calls:
		Nothing
 This function is called by:
		_motor_home1
		_disarm_motors
		_main
 This function uses a non-reentrant model


 *************** function _motor_tracking *****************
 Defined at:
		line 426 in file "nozzle.c"
 Parameters:    Size  Location     Type
		None
 Auto vars:     Size  Location     Type
  tracking        1    7[BANK0 ] PTR struct .
		 -> tracking_state(36), 
  encoder         1    6[BANK0 ] PTR struct .
		 -> sensors(24), 
 Return value:  Size  Location     Type
                  1    wreg      void 
 Registers used:
		wreg, fsr0l, fsr0h, status,2, status,0, pclath, cstack
 Tracked objects:
		On entry : 
		On exit  : 
		Unchanged: 
 Data sizes:     COMMON   BANK0   BANK1   BANK3   BANK2
      Params:         0       0       0       0       0
      Locals:         0       2       0       0       0
      Temps:          0       2       0       0       0
      Totals:         0       4       0       0       0
Total ram usage:        4 bytes
 Hardware stack levels used:    1
 Hardware stack levels required when called:    2
 This function calls:
		___bmul
 This function is called by:
		_motor_home6
		_main
 This function uses a non-reentrant model


 *************** function _memset *****************
 Defined at:
		line 8 in file "/opt/microchip/xc8/v1.45/sources/common/memset.c"
 Parameters:    Size  Location     Type
  p1              1    wreg     PTR void 
		 -> sensors(24), 
  c               2    0[BANK0 ] int 
  n               2    2[BANK0 ] unsigned int 
 Auto vars:     Size  Location     Type
  p1              1    5[BANK0 ] PTR void 
		 -> sensors(24), 
  p               1    6[BANK0 ] PTR unsigned char 
		 -> sensors(24), 
 Return value:  Size  Location     Type
                  1    wreg      PTR void 
 Registers used:
		wreg, fsr0l, fsr0h, status,2, status,0
 Tracked objects:
		On entry : 
		On exit  : 
		Unchanged: 
 Data sizes:     COMMON   BANK0   BANK1   BANK3   BANK2
      Params:         0       4       0       0       0
      Locals:         0       2       0       0       0
      Temps:          0       1       0       0       0
      Totals:         0       7       0       0       0
Total ram usage:        7 bytes
 Hardware stack levels used:    1
 Hardware stack levels required when called:    1
 This function calls:
		Nothing
 This function is called by:
		_main
 This function uses a non-reentrant model


 *************** function _handle_ir *****************
 Defined at:
		line 856 in file "nozzle.c"
 Parameters:    Size  Location     Type
		None
 Auto vars:     Size  Location     Type
  test_time       2   26[BANK0 ] unsigned int 
  i               1   28[BANK0 ] unsigned char 
 Return value:  Size  Location     Type
                  1    wreg      void 
 Registers used:
		wreg, fsr0l, fsr0h, status,2, status,0, btemp+1, pclath, cstack
 Tracked objects:
		On entry : 
		On exit  : 
		Unchanged: 
 Data sizes:     COMMON   BANK0   BANK1   BANK3   BANK2
      Params:         0       0       0       0       0
      Locals:         0       3       0       0       0
      Temps:          0       2       0       0       0
      Totals:         0       5       0       0       0
Total ram usage:        5 bytes
 Hardware stack levels used:    1
 Hardware stack levels required when called:    5
 This function calls:
		_handle_ir2
		_handle_ir_code
 This function is called by:
		_main
 This function uses a non-reentrant model


 *************** function _handle_ir2 *****************
 Defined at:
		line 770 in file "nozzle.c"
 Parameters:    Size  Location     Type
		None
 Auto vars:     Size  Location     Type
  data_value      2   19[BANK0 ] int 
  error           2   15[BANK0 ] int 
  code            2   21[BANK0 ] PTR const struct .
		 -> ir_codes(24), 
  data            2   13[BANK0 ] PTR const int 
		 -> fastrev_data(142), fastfwd_data(142), right_data(142), left_data(142), 
		 -> down_data(142), up_data(142), 
  i               1   23[BANK0 ] unsigned char 
  got_it          1   18[BANK0 ] unsigned char 
  got_one         1   17[BANK0 ] unsigned char 
 Return value:  Size  Location     Type
                  1    wreg      void 
 Registers used:
		wreg, fsr0l, fsr0h, status,2, status,0, btemp+1, pclath, cstack
 Tracked objects:
		On entry : 
		On exit  : 
		Unchanged: 
 Data sizes:     COMMON   BANK0   BANK1   BANK3   BANK2
      Params:         0       0       0       0       0
      Locals:         0      11       0       0       0
      Temps:          0       4       0       0       0
      Totals:         0      15       0       0       0
Total ram usage:       15 bytes
 Hardware stack levels used:    1
 Hardware stack levels required when called:    4
 This function calls:
		_handle_ir_code
 This function is called by:
		_handle_ir
 This function uses a non-reentrant model


 *************** function _handle_ir_code *****************
 Defined at:
		line 716 in file "nozzle.c"
 Parameters:    Size  Location     Type
		None
 Auto vars:     Size  Location     Type
		None
 Return value:  Size  Location     Type
                  1    wreg      void 
 Registers used:
		wreg, fsr0l, fsr0h, status,2, status,0, pclath, cstack
 Tracked objects:
		On entry : 
		On exit  : 
		Unchanged: 
 Data sizes:     COMMON   BANK0   BANK1   BANK3   BANK2
      Params:         0       0       0       0       0
      Locals:         0       0       0       0       0
      Temps:          0       1       0       0       0
      Totals:         0       1       0       0       0
Total ram usage:        1 bytes
 Hardware stack levels used:    1
 Hardware stack levels required when called:    3
 This function calls:
		_arm_motors
		_disarm_motors
		_handle_nozzle_step
 This function is called by:
		_handle_ir2
		_handle_ir
 This function uses a non-reentrant model


 *************** function _handle_nozzle_step *****************
 Defined at:
		line 657 in file "nozzle.c"
 Parameters:    Size  Location     Type
		None
 Auto vars:     Size  Location     Type
  diff            1    7[BANK0 ] char 
  diff            1    6[BANK0 ] char 
 Return value:  Size  Location     Type
                  1    wreg      void 
 Registers used:
		wreg, fsr0l, fsr0h, status,2, status,0, pclath, cstack
 Tracked objects:
		On entry : 
		On exit  : 
		Unchanged: 
 Data sizes:     COMMON   BANK0   BANK1   BANK3   BANK2
      Params:         0       0       0       0       0
      Locals:         0       2       0       0       0
      Temps:          0       2       0       0       0
      Totals:         0       4       0       0       0
Total ram usage:        4 bytes
 Hardware stack levels used:    1
 Hardware stack levels required when called:    2
 This function calls:
		___bmul
 This function is called by:
		_handle_ir_code
 This function uses a non-reentrant model


 *************** function ___bmul *****************
 Defined at:
		line 4 in file "/opt/microchip/xc8/v1.45/sources/common/Umul8.c"
 Parameters:    Size  Location     Type
  multiplier      1    wreg     unsigned char 
  multiplicand    1    0[BANK0 ] unsigned char 
 Auto vars:     Size  Location     Type
  multiplier      1    3[BANK0 ] unsigned char 
  product         1    2[BANK0 ] unsigned char 
 Return value:  Size  Location     Type
                  1    wreg      unsigned char 
 Registers used:
		wreg, status,2, status,0
 Tracked objects:
		On entry : 
		On exit  : 
		Unchanged: 
 Data sizes:     COMMON   BANK0   BANK1   BANK3   BANK2
      Params:         0       1       0       0       0
      Locals:         0       2       0       0       0
      Temps:          0       1       0       0       0
      Totals:         0       4       0       0       0
Total ram usage:        4 bytes
 Hardware stack levels used:    1
 Hardware stack levels required when called:    1
 This function calls:
		Nothing
 This function is called by:
		_motor_tracking
		_motor_home6
		_motor_home5
		_motor_home4
		_motor_home3
		_motor_home2
		_motor_home1
		_handle_nozzle_step
		_main
 This function uses a non-reentrant model


 *************** function _disarm_motors *****************
 Defined at:
		line 649 in file "nozzle.c"
 Parameters:    Size  Location     Type
		None
 Auto vars:     Size  Location     Type
		None
 Return value:  Size  Location     Type
                  1    wreg      void 
 Registers used:
		wreg, status,2, status,0
 Tracked objects:
		On entry : 
		On exit  : 
		Unchanged: 
 Data sizes:     COMMON   BANK0   BANK1   BANK3   BANK2
      Params:         0       0       0       0       0
      Locals:         0       0       0       0       0
      Temps:          0       1       0       0       0
      Totals:         0       1       0       0       0
Total ram usage:        1 bytes
 Hardware stack levels used:    1
 Hardware stack levels required when called:    1
 This function calls:
		Nothing
 This function is called by:
		_handle_ir_code
 This function uses a non-reentrant model


 *************** function _arm_motors *****************
 Defined at:
		line 629 in file "nozzle.c"
 Parameters:    Size  Location     Type
		None
 Auto vars:     Size  Location     Type
		None
 Return value:  Size  Location     Type
                  1    wreg      void 
 Registers used:
		wreg, status,2, status,0
 Tracked objects:
		On entry : 
		On exit  : 
		Unchanged: 
 Data sizes:     COMMON   BANK0   BANK1   BANK3   BANK2
      Params:         0       0       0       0       0
      Locals:         0       0       0       0       0
      Temps:          0       1       0       0       0
      Totals:         0       1       0       0       0
Total ram usage:        1 bytes
 Hardware stack levels used:    1
 Hardware stack levels required when called:    1
 This function calls:
		Nothing
 This function is called by:
		_handle_ir_code
 This function uses a non-reentrant model


 *************** function _flush_uart *****************
 Defined at:
		line 410 in file "nozzle.c"
 Parameters:    Size  Location     Type
		None
 Auto vars:     Size  Location     Type
		None
 Return value:  Size  Location     Type
                  1    wreg      void 
 Registers used:
		wreg, fsr0l, fsr0h, status,2, status,0, pclath, cstack
 Tracked objects:
		On entry : 
		On exit  : 
		Unchanged: 
 Data sizes:     COMMON   BANK0   BANK1   BANK3   BANK2
      Params:         0       0       0       0       0
      Locals:         0       0       0       0       0
      Temps:          0       0       0       0       0
      Totals:         0       0       0       0       0
Total ram usage:        0 bytes
 Hardware stack levels used:    1
 Hardware stack levels required when called:    2
 This function calls:
		_handle_uart
 This function is called by:
		_main
 This function uses a non-reentrant model


 *************** function _handle_uart *****************
 Defined at:
		line 396 in file "nozzle.c"
 Parameters:    Size  Location     Type
		None
 Auto vars:     Size  Location     Type
		None
 Return value:  Size  Location     Type
                  1    wreg      void 
 Registers used:
		wreg, fsr0l, fsr0h, status,2, status,0
 Tracked objects:
		On entry : 
		On exit  : 
		Unchanged: 
 Data sizes:     COMMON   BANK0   BANK1   BANK3   BANK2
      Params:         0       0       0       0       0
      Locals:         0       0       0       0       0
      Temps:          0       1       0       0       0
      Totals:         0       1       0       0       0
Total ram usage:        1 bytes
 Hardware stack levels used:    1
 Hardware stack levels required when called:    1
 This function calls:
		Nothing
 This function is called by:
		_flush_uart
		_main
 This function uses a non-reentrant model


 *************** function _capture_adc *****************
 Defined at:
		line 919 in file "nozzle.c"
 Parameters:    Size  Location     Type
		None
 Auto vars:     Size  Location     Type
  sensor          1    2[BANK0 ] PTR struct .
		 -> sensors(24), 
 Return value:  Size  Location     Type
                  1    wreg      void 
 Registers used:
		wreg, fsr0l, fsr0h, status,2, status,0
 Tracked objects:
		On entry : 
		On exit  : 
		Unchanged: 
 Data sizes:     COMMON   BANK0   BANK1   BANK3   BANK2
      Params:         0       0       0       0       0
      Locals:         0       1       0       0       0
      Temps:          0       2       0       0       0
      Totals:         0       3       0       0       0
Total ram usage:        3 bytes
 Hardware stack levels used:    1
 Hardware stack levels required when called:    1
 This function calls:
		Nothing
 This function is called by:
		_charge_adc
		_main
 This function uses a non-reentrant model


 *************** function _charge_adc *****************
 Defined at:
		line 989 in file "nozzle.c"
 Parameters:    Size  Location     Type
		None
 Auto vars:     Size  Location     Type
		None
 Return value:  Size  Location     Type
                  1    wreg      void 
 Registers used:
		wreg
 Tracked objects:
		On entry : 
		On exit  : 
		Unchanged: 
 Data sizes:     COMMON   BANK0   BANK1   BANK3   BANK2
      Params:         0       0       0       0       0
      Locals:         0       0       0       0       0
      Temps:          0       1       0       0       0
      Totals:         0       1       0       0       0
Total ram usage:        1 bytes
 Hardware stack levels used:    1
 Hardware stack levels required when called:    1
 This function calls:
		Nothing
 This function is called by:
		_capture_adc
		_main
 This function uses a non-reentrant model


 *************** function ___lmul *****************
 Defined at:
		line 15 in file "/opt/microchip/xc8/v1.45/sources/common/Umul32.c"
 Parameters:    Size  Location     Type
  multiplier      4    0[BANK0 ] unsigned long 
  multiplicand    4    4[BANK0 ] unsigned long 
 Auto vars:     Size  Location     Type
  product         4    9[BANK0 ] unsigned long 
 Return value:  Size  Location     Type
                  4    0[BANK0 ] unsigned long 
 Registers used:
		wreg, status,2, status,0
 Tracked objects:
		On entry : 
		On exit  : 
		Unchanged: 
 Data sizes:     COMMON   BANK0   BANK1   BANK3   BANK2
      Params:         0       8       0       0       0
      Locals:         0       4       0       0       0
      Temps:          0       1       0       0       0
      Totals:         0      13       0       0       0
Total ram usage:       13 bytes
 Hardware stack levels used:    1
 Hardware stack levels required when called:    1
 This function calls:
		Nothing
 This function is called by:
		_main
 This function uses a non-reentrant model


 *************** function ___lldiv *****************
 Defined at:
		line 6 in file "/opt/microchip/xc8/v1.45/sources/common/lldiv.c"
 Parameters:    Size  Location     Type
  divisor         4   13[BANK0 ] unsigned long 
  dividend        4   17[BANK0 ] unsigned long 
 Auto vars:     Size  Location     Type
  quotient        4   22[BANK0 ] unsigned long 
  counter         1   26[BANK0 ] unsigned char 
 Return value:  Size  Location     Type
                  4   13[BANK0 ] unsigned long 
 Registers used:
		wreg, status,2, status,0
 Tracked objects:
		On entry : 
		On exit  : 
		Unchanged: 
 Data sizes:     COMMON   BANK0   BANK1   BANK3   BANK2
      Params:         0       8       0       0       0
      Locals:         0       5       0       0       0
      Temps:          0       1       0       0       0
      Totals:         0      14       0       0       0
Total ram usage:       14 bytes
 Hardware stack levels used:    1
 Hardware stack levels required when called:    1
 This function calls:
		Nothing
 This function is called by:
		_main
 This function uses a non-reentrant model


 *************** function _isr *****************
 Defined at:
		line 1200 in file "nozzle.c"
 Parameters:    Size  Location     Type
		None
 Auto vars:     Size  Location     Type
  prev_port       1    6[COMMON] unsigned char 
 Return value:  Size  Location     Type
                  1    wreg      void 
 Registers used:
		wreg, status,2, status,0, btemp+1
 Tracked objects:
		On entry : 
		On exit  : 
		Unchanged: 
 Data sizes:     COMMON   BANK0   BANK1   BANK3   BANK2
      Params:         0       0       0       0       0
      Locals:         1       0       0       0       0
      Temps:          6       0       0       0       0
      Totals:         7       0       0       0       0
Total ram usage:        7 bytes
 Hardware stack levels used:    1
 This function calls:
		Nothing
 This function is called by:
		Interrupt level 1
 This function uses a non-reentrant model



MODULE INFORMATION

Module		Function		Class		Link	Load	Size
/opt/microchip/xc8/v1.45/sources/common/Umul32.c
		___lmul        		CODE           	090A	0000	66

/opt/microchip/xc8/v1.45/sources/common/Umul32.c estimated size: 66

/opt/microchip/xc8/v1.45/sources/common/lwmod.c
		___lwmod       		CODE           	0859	0000	53

/opt/microchip/xc8/v1.45/sources/common/lwmod.c estimated size: 53

/opt/microchip/xc8/v1.45/sources/common/memset.c
		_memset        		CODE           	17B6	0000	31

/opt/microchip/xc8/v1.45/sources/common/memset.c estimated size: 31

shared
		__stringtab    		STRCODE        	0100	0000	19
		_ir_codes      		STRCODE        	0490	0000	25
		_left_data     		STRCODE        	02E6	0000	143
		_right_data    		STRCODE        	0258	0000	143
		_hex_table     		STRCODE        	012C	0000	17
		main@encoder0_values		STRCODE        	0112	0000	27
		__initialization		CODE           	0015	0000	57
		_fastfwd_data  		STRCODE        	01CA	0000	143
		_down_data     		STRCODE        	0374	0000	143
		_up_data       		STRCODE        	0402	0000	143
		_fastrev_data  		STRCODE        	013C	0000	143
		__fptable      		ENTRY          	0051	0000	37

shared estimated size: 1040

nozzle.c
		_motor_home1   		CODE           	0B27	0000	114
		_motor_home2   		CODE           	0A4D	0000	107
		_motor_home3   		CODE           	17D4	0000	45
		_motor_home4   		CODE           	0075	0000	128
		_motor_home5   		CODE           	099C	0000	82
		_motor_home6   		CODE           	08CB	0000	64
		_print_number  		CODE           	175C	0000	17
		_print_text    		CODE           	0803	0000	38
		_arm_motors    		CODE           	0828	0000	50
		_charge_adc    		CODE           	1750	0000	13
		_handle_ir     		CODE           	0AB7	0000	113
		_handle_ir2    		CODE           	0EF9	0000	264
		_disarm_motors 		CODE           	00F4	0000	13
		_main          		CODE           	04D4	0000	772
		_handle_uart   		CODE           	177F	0000	27
		_print_number_nospace		CODE           	0D60	0000	193
		_flush_uart    		CODE           	1746	0000	11
		_motor_tracking		CODE           	0E20	0000	218
		_handle_ir_code		CODE           	0C0B	0000	164
		_isr           		CODE           	094B	0000	82
		_motor_idle    		CODE           	07FF	0000	2
		_print_byte    		CODE           	1799	0000	30
		_print_number_signed		CODE           	07D7	0000	41
		_capture_adc   		CODE           	0B98	0000	116
		_handle_nozzle_step		CODE           	0CAE	0000	179

nozzle.c estimated size: 2883

/opt/microchip/xc8/v1.45/sources/common/lwdiv.c
		___lwdiv       		CODE           	088D	0000	63

/opt/microchip/xc8/v1.45/sources/common/lwdiv.c estimated size: 63

/opt/microchip/xc8/v1.45/sources/common/lldiv.c
		___lldiv       		CODE           	09ED	0000	97

/opt/microchip/xc8/v1.45/sources/common/lldiv.c estimated size: 97

/opt/microchip/xc8/v1.45/sources/common/Umul8.c
		___bmul        		CODE           	176C	0000	20

/opt/microchip/xc8/v1.45/sources/common/Umul8.c estimated size: 20

